[wellco-jekyll.netlify.app/index.html]
[backblue.gif]
[fade.gif]
[index.html]
[wellco-jekyll.netlify.app/assets/images/favicon.ico]
[wellco-jekyll.netlify.app/assets/Wellco_Preview.png]
[wellco-jekyll.netlify.app/assets/css/plugins/bootstrap.min.css]
[wellco-jekyll.netlify.app/assets/css/plugins/slick.css]
[wellco-jekyll.netlify.app/assets/css/plugins/magnific-popup.css]
[wellco-jekyll.netlify.app/assets/css/plugins/animate.css]
[wellco-jekyll.netlify.app/assets/fonts/flaticon/flaticon.css]
[wellco-jekyll.netlify.app/assets/fonts/font-awesome.min.css]
[wellco-jekyll.netlify.app/assets/css/style.css]
[wellco-jekyll.netlify.app/assets/css/responsive.css]
[identity.netlify.com/v1/netlify-identity-widget.js]
[wellco-jekyll.netlify.app/assets/images/logo.png]
[wellco-jekyll.netlify.app/index-2.html]
[wellco-jekyll.netlify.app/index-3.html]
[wellco-jekyll.netlify.app/about.html]
[wellco-jekyll.netlify.app/about-2.html]
[wellco-jekyll.netlify.app/events.html]
[wellco-jekyll.netlify.app/videos.html]
[wellco-jekyll.netlify.app/services.html]
[wellco-jekyll.netlify.app/team.html]
[wellco-jekyll.netlify.app/pricing.html]
[wellco-jekyll.netlify.app/testimonials.html]
[wellco-jekyll.netlify.app/faqs.html]
[wellco-jekyll.netlify.app/courses.html]
[wellco-jekyll.netlify.app/blog/index.html]
[wellco-jekyll.netlify.app/blog-grid.html]
[wellco-jekyll.netlify.app/blog-list.html]
[wellco-jekyll.netlify.app/blog-masonry.html]
[wellco-jekyll.netlify.app/portfolio-grid.html]
[wellco-jekyll.netlify.app/portfolio-gallery.html]
[wellco-jekyll.netlify.app/portfolio-masonry.html]
[wellco-jekyll.netlify.app/contact.html]
[wellco-jekyll.netlify.app/assets/images/coach/1.jpg]
[wellco-jekyll.netlify.app/assets/images/coach/2.jpg]
[wellco-jekyll.netlify.app/assets/images/coach/3.jpg]
[wellco-jekyll.netlify.app/assets/images/coach/4.jpg]
[wellco-jekyll.netlify.app/assets/images/coach/5.jpg]
[wellco-jekyll.netlify.app/assets/images/coach/6.jpg]
[wellco-jekyll.netlify.app/assets/images/coach/7.jpg]
[wellco-jekyll.netlify.app/assets/images/coach/8.jpg]
[wellco-jekyll.netlify.app/assets/images/video/8.jpg]
[wellco-jekyll.netlify.app/assets/images/video/9.jpg]
[wellco-jekyll.netlify.app/assets/images/banner/element_1.png]
[wellco-jekyll.netlify.app/assets/images/banner/element_line.png]
[wellco-jekyll.netlify.app/assets/images/banner/banner_img.png]
[wellco-jekyll.netlify.app/assets/images/icons/icon_1.png]
[wellco-jekyll.netlify.app/assets/images/icons/icon_2.png]
[wellco-jekyll.netlify.app/assets/images/icons/icon_3.png]
[wellco-jekyll.netlify.app/assets/images/icons/icon_4.png]
[wellco-jekyll.netlify.app/assets/images/about/image_1.jpg]
[wellco-jekyll.netlify.app/assets/images/about/image_2.jpg]
[wellco-jekyll.netlify.app/assets/images/icons/icon_5.png]
[wellco-jekyll.netlify.app/assets/images/elements/element_1.png]
[wellco-jekyll.netlify.app/assets/images/elements/element_2.png]
[wellco-jekyll.netlify.app/assets/images/team/1.jpg]
[wellco-jekyll.netlify.app/assets/images/team/2.jpg]
[wellco-jekyll.netlify.app/assets/images/team/3.jpg]
[wellco-jekyll.netlify.app/assets/images/elements/shape.png]
[wellco-jekyll.netlify.app/assets/images/elements/square_shape.png]
[wellco-jekyll.netlify.app/assets/images/cta_image.png]
[wellco-jekyll.netlify.app/assets/images/video/4.jpg]
[wellco-jekyll.netlify.app/assets/images/video/5.jpg]
[wellco-jekyll.netlify.app/assets/images/video/6.jpg]
[wellco-jekyll.netlify.app/assets/images/video/7.jpg]
[wellco-jekyll.netlify.app/assets/images/author/1.jpg]
[wellco-jekyll.netlify.app/assets/images/author/2.jpg]
[wellco-jekyll.netlify.app/assets/images/author/3.jpg]
[wellco-jekyll.netlify.app/assets/images/sponsors/1.png]
[wellco-jekyll.netlify.app/assets/images/sponsors/2.png]
[wellco-jekyll.netlify.app/assets/images/sponsors/3.png]
[wellco-jekyll.netlify.app/assets/images/sponsors/4.png]
[wellco-jekyll.netlify.app/assets/images/sponsors/5.png]
[wellco-jekyll.netlify.app/assets/images/why_us.png]
[wellco-jekyll.netlify.app/assets/images/elements/element_3.png]
[wellco-jekyll.netlify.app/assets/images/elements/element_4.png]
[wellco-jekyll.netlify.app/assets/images/elements/element_5.png]
[wellco-jekyll.netlify.app/assets/images/elements/element_6.png]
[wellco-jekyll.netlify.app/assets/images/elements/element_7.png]
[wellco-jekyll.netlify.app/assets/images/google_store.jpg]
[wellco-jekyll.netlify.app/assets/images/apple_store.jpg]
[wellco-jekyll.netlify.app/assets/js/plugins/jquery-3.6.0.min.js]
[wellco-jekyll.netlify.app/assets/js/plugins/bootstrap.bundle.min.js]
[wellco-jekyll.netlify.app/assets/js/plugins/slick.min.js]
[wellco-jekyll.netlify.app/assets/js/plugins/imagesloaded.min.js]
[wellco-jekyll.netlify.app/assets/js/plugins/isotope.pkgd.min.js]
[wellco-jekyll.netlify.app/assets/js/plugins/jquery.magnific-popup.min.js]
[wellco-jekyll.netlify.app/assets/js/plugins/jquery.counterup.min.js]
[wellco-jekyll.netlify.app/assets/js/plugins/jquery.inview.min.js]
[wellco-jekyll.netlify.app/assets/js/plugins/jquery.easypiechart.js]
[wellco-jekyll.netlify.app/assets/js/plugins/jquery.countdown.min.js]
[wellco-jekyll.netlify.app/assets/js/plugins/wow.min.js]
[wellco-jekyll.netlify.app/assets/js/plugins/jquery.ajaxchimp.js]
[wellco-jekyll.netlify.app/index.html]
[wellco-jekyll.netlify.app/assets/css/plugins/bootstrap.min.css]
[wellco-jekyll.netlify.app/assets/css/plugins/slick.css]
[wellco-jekyll.netlify.app/assets/css/plugins/magnific-popup.css]
[wellco-jekyll.netlify.app/assets/css/plugins/animate.css]
[wellco-jekyll.netlify.app/assets/js/custom.js]
[wellco-jekyll.netlify.app/assets/fonts/flaticon/flaticonc582.ttf]
[wellco-jekyll.netlify.app/assets/fonts/flaticon/flaticonc582.woff]
[wellco-jekyll.netlify.app/assets/fonts/flaticon/flaticonc582.woff2]
[wellco-jekyll.netlify.app/assets/fonts/flaticon/flaticonc582.eot]
[wellco-jekyll.netlify.app/assets/fonts/flaticon/flaticon.css]
[wellco-jekyll.netlify.app/assets/fonts/flaticon/flaticonc582.svg]
[wellco-jekyll.netlify.app/assets/fonts/fonts/fa-brands-400.eot]
[wellco-jekyll.netlify.app/assets/fonts/fonts/fa-brands-400d41d.eot]
[wellco-jekyll.netlify.app/assets/fonts/fonts/fa-brands-400.woff2]
[wellco-jekyll.netlify.app/assets/fonts/fonts/fa-brands-400.ttf]
[wellco-jekyll.netlify.app/assets/fonts/fonts/fa-brands-400.woff]
[wellco-jekyll.netlify.app/assets/fonts/fonts/fa-brands-400.svg]
[wellco-jekyll.netlify.app/assets/fonts/fonts/fa-light-300.eot]
[wellco-jekyll.netlify.app/assets/fonts/fonts/fa-light-300d41d.eot]
[wellco-jekyll.netlify.app/assets/fonts/fonts/fa-light-300.woff2]
[wellco-jekyll.netlify.app/assets/fonts/fonts/fa-light-300.woff]
[wellco-jekyll.netlify.app/assets/fonts/fonts/fa-light-300.ttf]
[wellco-jekyll.netlify.app/assets/fonts/fonts/fa-light-300.svg]
[wellco-jekyll.netlify.app/assets/fonts/fonts/fa-regular-400.eot]
[wellco-jekyll.netlify.app/assets/fonts/fonts/fa-regular-400.woff2]
[wellco-jekyll.netlify.app/assets/fonts/fonts/fa-regular-400d41d.eot]
[wellco-jekyll.netlify.app/assets/fonts/fonts/fa-regular-400.woff]
[wellco-jekyll.netlify.app/assets/fonts/fonts/fa-regular-400.ttf]
[wellco-jekyll.netlify.app/assets/fonts/fonts/fa-regular-400.svg]
[wellco-jekyll.netlify.app/assets/fonts/fonts/fa-solid-900.eot]
[wellco-jekyll.netlify.app/assets/fonts/fonts/fa-solid-900d41d.eot]
[wellco-jekyll.netlify.app/assets/fonts/fonts/fa-solid-900.woff2]
[wellco-jekyll.netlify.app/assets/fonts/fonts/fa-solid-900.woff]
[wellco-jekyll.netlify.app/assets/fonts/fonts/fa-solid-900.ttf]
[wellco-jekyll.netlify.app/assets/fonts/font-awesome.min.css]
[wellco-jekyll.netlify.app/assets/images/icons/check.png]
[wellco-jekyll.netlify.app/assets/fonts/fonts/fa-solid-900.svg]
[wellco-jekyll.netlify.app/assets/images/blog/blockquote_bg.png]
[wellco-jekyll.netlify.app/assets/images/elements/element_33.png]
[wellco-jekyll.netlify.app/assets/images/bg/sidebar_shape.png]
[wellco-jekyll.netlify.app/assets/images/bg/widget_header.png]
[wellco-jekyll.netlify.app/assets/css/style.css]
[wellco-jekyll.netlify.app/assets/css/responsive.css]
[wellco-jekyll.netlify.app/assets/images/preloader.svg]
[wellco-jekyll.netlify.app/index-4.html]
[wellco-jekyll.netlify.app/assets/images/elements/element_8.png]
[wellco-jekyll.netlify.app/assets/images/elements/element_11.png]
[wellco-jekyll.netlify.app/assets/images/elements/element_12.png]
[wellco-jekyll.netlify.app/assets/images/elements/element_9.png]
[wellco-jekyll.netlify.app/assets/images/elements/element_10.png]
[wellco-jekyll.netlify.app/assets/images/banner/banner_shape.png]
[wellco-jekyll.netlify.app/assets/images/icons/icon_6.png]
[wellco-jekyll.netlify.app/assets/images/icons/icon_7.png]
[wellco-jekyll.netlify.app/assets/images/icons/icon_8.png]
[wellco-jekyll.netlify.app/assets/images/icons/icon_9.png]
[wellco-jekyll.netlify.app/assets/images/whyus_bg.jpg]
[wellco-jekyll.netlify.app/assets/images/video_img.png]
[wellco-jekyll.netlify.app/assets/images/elements/element_17.png]
[wellco-jekyll.netlify.app/assets/images/shape_img.png]
[wellco-jekyll.netlify.app/assets/images/blog/1.jpg]
[wellco-jekyll.netlify.app/blog/smashing-podcast-episode-luca-mezzalira-front/index.html]
[wellco-jekyll.netlify.app/assets/images/blog/4.jpg]
[wellco-jekyll.netlify.app/assets/images/blog/2.jpg]
[wellco-jekyll.netlify.app/blog/make-your-own-expanding-contracting-content/index.html]
[wellco-jekyll.netlify.app/assets/images/elements/element_15.png]
[wellco-jekyll.netlify.app/blog/live-sketching-a-site-visitor-journey-to-create/index.html]
[wellco-jekyll.netlify.app/assets/images/elements/element_13.png]
[wellco-jekyll.netlify.app/assets/images/elements/element_14.png]
[wellco-jekyll.netlify.app/assets/images/elements/element_16.png]
[wellco-jekyll.netlify.app/index-2.html]
[wellco-jekyll.netlify.app/index-5.html]
[wellco-jekyll.netlify.app/assets/images/banner/banner-1.jpg]
[wellco-jekyll.netlify.app/assets/images/elements/element_19.png]
[wellco-jekyll.netlify.app/assets/images/elements/element_21.png]
[wellco-jekyll.netlify.app/assets/images/elements/element_20.png]
[wellco-jekyll.netlify.app/assets/images/elements/think_element.png]
[wellco-jekyll.netlify.app/assets/images/bg/bg_1.png]
[wellco-jekyll.netlify.app/assets/images/about/small.jpg]
[wellco-jekyll.netlify.app/assets/images/about/about_img.jpg]
[wellco-jekyll.netlify.app/assets/images/elements/element_22.png]
[wellco-jekyll.netlify.app/assets/images/elements/element_23.png]
[wellco-jekyll.netlify.app/assets/images/elements/element_24.png]
[wellco-jekyll.netlify.app/assets/images/icons/icon_10.png]
[wellco-jekyll.netlify.app/assets/images/icons/icon_11.png]
[wellco-jekyll.netlify.app/assets/images/icons/icon_12.png]
[wellco-jekyll.netlify.app/assets/images/icons/icon_13.png]
[wellco-jekyll.netlify.app/assets/images/skills.jpg]
[wellco-jekyll.netlify.app/assets/images/video_img_2.jpg]
[wellco-jekyll.netlify.app/assets/images/elements/element_25.png]
[wellco-jekyll.netlify.app/assets/images/elements/element_26.png]
[wellco-jekyll.netlify.app/assets/images/elements/element_27.png]
[wellco-jekyll.netlify.app/portfolios.b1.delayed]
[wellco-jekyll.netlify.app/assets/images/portfolio/1.jpg]
[wellco-jekyll.netlify.app/assets/images/portfolio/2.jpg]
[wellco-jekyll.netlify.app/assets/images/bg/bg_3.png]
[wellco-jekyll.netlify.app/assets/images/elements/element_18.png]
[wellco-jekyll.netlify.app/+012 (345) 678 99.b6.delayed]
[wellco-jekyll.netlify.app/example@example.b7.delayed]
[wellco-jekyll.netlify.app/index-3.html]
[wellco-jekyll.netlify.app/about-3.html]
[wellco-jekyll.netlify.app/assets/images/subheader.jpg]
[wellco-jekyll.netlify.app/assets/images/about/about.jpg]
[wellco-jekyll.netlify.app/assets/images/about/small_2.jpg]
[wellco-jekyll.netlify.app/assets/images/about/about_img_2.jpg]
[wellco-jekyll.netlify.app/assets/images/icons/youtube.png]
[wellco-jekyll.netlify.app/assets/images/team/4.jpg]
[wellco-jekyll.netlify.app/assets/images/team/5.jpg]
[wellco-jekyll.netlify.app/assets/images/team/6.jpg]
[wellco-jekyll.netlify.app/assets/images/team/7.jpg]
[wellco-jekyll.netlify.app/assets/images/team/8.jpg]
[wellco-jekyll.netlify.app/assets/images/bg/bg_4.png]
[wellco-jekyll.netlify.app/about.html]
[wellco-jekyll.netlify.app/about-4.html]
[wellco-jekyll.netlify.app/assets/images/about/about_me.png]
[wellco-jekyll.netlify.app/assets/images/elements/element_28.png]
[wellco-jekyll.netlify.app/assets/images/elements/element_29.png]
[wellco-jekyll.netlify.app/assets/images/elements/element_30.png]
[wellco-jekyll.netlify.app/about-2.html]
[wellco-jekyll.netlify.app/events-2.html]
[wellco-jekyll.netlify.app/assets/images/event/1.jpg]
[wellco-jekyll.netlify.app/assets/images/event/2.jpg]
[wellco-jekyll.netlify.app/assets/images/event/3.jpg]
[wellco-jekyll.netlify.app/assets/images/event/4.jpg]
[wellco-jekyll.netlify.app/assets/images/event/5.jpg]
[wellco-jekyll.netlify.app/assets/images/event/6.jpg]
[wellco-jekyll.netlify.app/assets/images/event/7.jpg]
[wellco-jekyll.netlify.app/assets/images/event/8.jpg]
[wellco-jekyll.netlify.app/assets/images/event/9.jpg]
[wellco-jekyll.netlify.app/assets/images/event/10.jpg]
[wellco-jekyll.netlify.app/assets/images/event/11.jpg]
[wellco-jekyll.netlify.app/assets/images/event/12.jpg]
[wellco-jekyll.netlify.app/events.html]
[wellco-jekyll.netlify.app/videos-2.html]
[wellco-jekyll.netlify.app/team-details.df.delayed]
[wellco-jekyll.netlify.app/videos.html]
[wellco-jekyll.netlify.app/services-2.html]
[wellco-jekyll.netlify.app/assets/images/service/1.png]
[wellco-jekyll.netlify.app/assets/images/service/2.png]
[wellco-jekyll.netlify.app/assets/images/service/3.png]
[wellco-jekyll.netlify.app/assets/images/service/4.png]
[wellco-jekyll.netlify.app/assets/images/service/5.png]
[wellco-jekyll.netlify.app/assets/images/service/6.png]
[wellco-jekyll.netlify.app/assets/images/video_img_3.png]
[wellco-jekyll.netlify.app/services.html]
[wellco-jekyll.netlify.app/team-2.html]
[wellco-jekyll.netlify.app/assets/images/bg/bg_5.png]
[wellco-jekyll.netlify.app/assets/images/elements/transparent_shape.png]
[wellco-jekyll.netlify.app/assets/images/bg/bg_6.png]
[wellco-jekyll.netlify.app/assets/images/elements/element_31.png]
[wellco-jekyll.netlify.app/assets/images/elements/element_32.png]
[wellco-jekyll.netlify.app/assets/images/team/9.jpg]
[wellco-jekyll.netlify.app/assets/images/team/10.jpg]
[wellco-jekyll.netlify.app/assets/images/team/11.jpg]
[wellco-jekyll.netlify.app/team.html]
[wellco-jekyll.netlify.app/pricing-2.html]
[wellco-jekyll.netlify.app/portfolio.f8.delayed]
[wellco-jekyll.netlify.app/pricing.html]
[wellco-jekyll.netlify.app/testimonials.html]
[wellco-jekyll.netlify.app/testimonials-2.html]
[wellco-jekyll.netlify.app/faqs-2.html]
[wellco-jekyll.netlify.app/assets/css/plugins/leaflet.css]
[wellco-jekyll.netlify.app/assets/images/elements/element_35.png]
[wellco-jekyll.netlify.app/assets/images/elements/element_36.png]
[wellco-jekyll.netlify.app/assets/images/elements/element_37.png]
[wellco-jekyll.netlify.app/assets/images/elements/element_38.png]
[wellco-jekyll.netlify.app/assets/images/bg/bg_7.jpg]
[wellco-jekyll.netlify.app/assets/images/quote_img.png]
[wellco-jekyll.netlify.app/assets/images/elements/element_39.png]
[wellco-jekyll.netlify.app/assets/images/elements/element_40.png]
[wellco-jekyll.netlify.app/assets/images/elements/element_41.png]
[wellco-jekyll.netlify.app/assets/images/elements/element_42.png]
[wellco-jekyll.netlify.app/assets/js/plugins/leaflet.js]
[wellco-jekyll.netlify.app/assets/js/map.js]
[wellco-jekyll.netlify.app/assets/js/plugins/jquery.validate.min.js]
[wellco-jekyll.netlify.app/faqs.html]
[wellco-jekyll.netlify.app/assets/js/form.js]
[wellco-jekyll.netlify.app/courses.html]
[wellco-jekyll.netlify.app/courses-2.html]
[wellco-jekyll.netlify.app/blog/page2/index.html]
[wellco-jekyll.netlify.app/assets/images/blog/8.jpg]
[wellco-jekyll.netlify.app/assets/images/blog/7.jpg]
[wellco-jekyll.netlify.app/blog/inclusive-design-and-access-live-stream-heydon/index.html]
[wellco-jekyll.netlify.app/blog/inclusive-component-new-printed-book-heydon/index.html]
[wellco-jekyll.netlify.app/assets/images/blog/3.jpg]
[wellco-jekyll.netlify.app/blog/+012 (345) 678 99.116.delayed]
[wellco-jekyll.netlify.app/blog/example@example.117.delayed]
[wellco-jekyll.netlify.app/blog/index.html]
[wellco-jekyll.netlify.app/blog/get-started-with-ui-design-with-tips-to-speed/index.html]
[wellco-jekyll.netlify.app/blog-grid-2.html]
[wellco-jekyll.netlify.app/assets/images/blog/6.jpg]
[wellco-jekyll.netlify.app/blog/become-html-email-geek-with-video-parmentier/index.html]
[wellco-jekyll.netlify.app/assets/images/blog/5.jpg]
[wellco-jekyll.netlify.app/blog-grid.html]
[wellco-jekyll.netlify.app/blog/abstracting-wordpress-code-to-reuse-with-other/index.html]
[wellco-jekyll.netlify.app/blog-list-2.html]
[wellco-jekyll.netlify.app/categories/life-courses/index.html]
[wellco-jekyll.netlify.app/categories/business-courses/index.html]
[wellco-jekyll.netlify.app/categories/advance-wordpress/index.html]
[wellco-jekyll.netlify.app/categories/basic-html-coach/index.html]
[wellco-jekyll.netlify.app/blog-list.html]
[wellco-jekyll.netlify.app/categories/health-courses/index.html]
[wellco-jekyll.netlify.app/blog-masonry.html]
[wellco-jekyll.netlify.app/blog-masonry-2.html]
[wellco-jekyll.netlify.app/categories/english-learning/index.html]
[wellco-jekyll.netlify.app/portfolio-grid-2.html]
[wellco-jekyll.netlify.app/assets/images/portfolio/3.jpg]
[wellco-jekyll.netlify.app/assets/images/portfolio/4.jpg]
[wellco-jekyll.netlify.app/assets/images/portfolio/5.jpg]
[wellco-jekyll.netlify.app/assets/images/portfolio/6.jpg]
[wellco-jekyll.netlify.app/assets/images/portfolio/7.jpg]
[wellco-jekyll.netlify.app/assets/images/portfolio/8.jpg]
[wellco-jekyll.netlify.app/assets/images/portfolio/9.jpg]
[wellco-jekyll.netlify.app/portfolio-grid.html]
[wellco-jekyll.netlify.app/portfolio-gallery.html]
[wellco-jekyll.netlify.app/portfolio-gallery-2.html]
[wellco-jekyll.netlify.app/portfolio-masonry.html]
[wellco-jekyll.netlify.app/portfolio-masonry-2.html]
[wellco-jekyll.netlify.app/contact-2.html]
[wellco-jekyll.netlify.app/assets/images/icons/icon_14.png]
[wellco-jekyll.netlify.app/assets/images/icons/icon_15.png]
[wellco-jekyll.netlify.app/contact.html]
[wellco-jekyll.netlify.app/assets/fonts/flaticon/flaticonc582.svg]
[wellco-jekyll.netlify.app/assets/fonts/fonts/fa-brands-400.svg]
[wellco-jekyll.netlify.app/assets/fonts/fonts/fa-light-300.svg]
[wellco-jekyll.netlify.app/assets/fonts/fonts/fa-regular-400.svg]
[wellco-jekyll.netlify.app/assets/fonts/fonts/fa-solid-900.svg]
[wellco-jekyll.netlify.app/index-4.html]
[wellco-jekyll.netlify.app/tags/business/index.html]
[wellco-jekyll.netlify.app/tags/art/index.html]
[wellco-jekyll.netlify.app/tags/finance/index.html]
[wellco-jekyll.netlify.app/blog/smashing-podcast-episode-luca-mezzalira-front/+012 (345) 678 99.146.delayed]
[wellco-jekyll.netlify.app/tags/coach/index.html]
[wellco-jekyll.netlify.app/blog/smashing-podcast-episode-luca-mezzalira-front/example@example.147.delayed]
[wellco-jekyll.netlify.app/blog/smashing-podcast-episode-luca-mezzalira-front/index.html]
[wellco-jekyll.netlify.app/tags/investment/index.html]
[wellco-jekyll.netlify.app/blog/make-your-own-expanding-contracting-content/+012 (345) 678 99.14c.delayed]
[wellco-jekyll.netlify.app/tags/css/index.html]
[wellco-jekyll.netlify.app/blog/make-your-own-expanding-contracting-content/example@example.14d.delayed]
[wellco-jekyll.netlify.app/blog/make-your-own-expanding-contracting-content/index.html]
[wellco-jekyll.netlify.app/blog/live-sketching-a-site-visitor-journey-to-create/+012 (345) 678 99.150.delayed]
[wellco-jekyll.netlify.app/tags/html/index.html]
[wellco-jekyll.netlify.app/blog/live-sketching-a-site-visitor-journey-to-create/example@example.151.delayed]
[wellco-jekyll.netlify.app/blog/live-sketching-a-site-visitor-journey-to-create/index.html]
[wellco-jekyll.netlify.app/index-5.html]
[wellco-jekyll.netlify.app/portfolios.html]
[wellco-jekyll.netlify.app/+012 (345) 678 99.html]
[wellco-jekyll.netlify.app/example@example.html]
[wellco-jekyll.netlify.app/about-3.html]
[wellco-jekyll.netlify.app/about-4.html]
[wellco-jekyll.netlify.app/events-2.html]
[wellco-jekyll.netlify.app/videos-2.html]
[wellco-jekyll.netlify.app/team-details.html]
[wellco-jekyll.netlify.app/services-2.html]
[wellco-jekyll.netlify.app/team-2.html]
[wellco-jekyll.netlify.app/pricing-2.html]
[wellco-jekyll.netlify.app/portfolio.html]
[wellco-jekyll.netlify.app/testimonials-2.html]
[wellco-jekyll.netlify.app/faqs-2.html]
[wellco-jekyll.netlify.app/assets/css/plugins/images/layers.png]
[wellco-jekyll.netlify.app/assets/css/plugins/images/layers-2x.png]
[wellco-jekyll.netlify.app/assets/css/plugins/images/marker-icon.png]
[wellco-jekyll.netlify.app/assets/css/plugins/leaflet.css]
[wellco-jekyll.netlify.app/courses-2.html]
[wellco-jekyll.netlify.app/blog/page2/+012 (345) 678 99.16d.delayed]
[wellco-jekyll.netlify.app/blog/page2/example@example.16e.delayed]
[wellco-jekyll.netlify.app/blog/page2/index.html]
[wellco-jekyll.netlify.app/tags/planing/index.html]
[wellco-jekyll.netlify.app/blog/inclusive-design-and-access-live-stream-heydon/+012 (345) 678 99.173.delayed]
[wellco-jekyll.netlify.app/tags/creative/index.html]
[wellco-jekyll.netlify.app/blog/inclusive-design-and-access-live-stream-heydon/example@example.174.delayed]
[wellco-jekyll.netlify.app/blog/inclusive-design-and-access-live-stream-heydon/index.html]
[wellco-jekyll.netlify.app/tags/health/index.html]
[wellco-jekyll.netlify.app/blog/inclusive-component-new-printed-book-heydon/+012 (345) 678 99.178.delayed]
[wellco-jekyll.netlify.app/blog/inclusive-component-new-printed-book-heydon/example@example.179.delayed]
[wellco-jekyll.netlify.app/blog/inclusive-component-new-printed-book-heydon/index.html]
[wellco-jekyll.netlify.app/blog/get-started-with-ui-design-with-tips-to-speed/+012 (345) 678 99.17c.delayed]
[wellco-jekyll.netlify.app/blog/get-started-with-ui-design-with-tips-to-speed/example@example.17d.delayed]
[wellco-jekyll.netlify.app/blog/get-started-with-ui-design-with-tips-to-speed/index.html]
[wellco-jekyll.netlify.app/blog/+012 (345) 678 99.html]
[wellco-jekyll.netlify.app/blog/example@example.html]
[wellco-jekyll.netlify.app/blog-grid-2.html]
[wellco-jekyll.netlify.app/blog/become-html-email-geek-with-video-parmentier/+012 (345) 678 99.182.delayed]
[wellco-jekyll.netlify.app/blog/become-html-email-geek-with-video-parmentier/example@example.183.delayed]
[wellco-jekyll.netlify.app/blog/become-html-email-geek-with-video-parmentier/index.html]
[wellco-jekyll.netlify.app/blog/abstracting-wordpress-code-to-reuse-with-other/+012 (345) 678 99.186.delayed]
[wellco-jekyll.netlify.app/blog/abstracting-wordpress-code-to-reuse-with-other/example@example.187.delayed]
[wellco-jekyll.netlify.app/blog/abstracting-wordpress-code-to-reuse-with-other/index.html]
[wellco-jekyll.netlify.app/blog-list-2.html]
[wellco-jekyll.netlify.app/categories/life-courses/+012 (345) 678 99.18c.delayed]
[wellco-jekyll.netlify.app/categories/life-courses/example@example.18d.delayed]
[wellco-jekyll.netlify.app/categories/life-courses/index.html]
[wellco-jekyll.netlify.app/categories/business-courses/+012 (345) 678 99.190.delayed]
[wellco-jekyll.netlify.app/categories/business-courses/example@example.191.delayed]
[wellco-jekyll.netlify.app/categories/business-courses/index.html]
[wellco-jekyll.netlify.app/categories/advance-wordpress/+012 (345) 678 99.194.delayed]
[wellco-jekyll.netlify.app/categories/advance-wordpress/example@example.195.delayed]
[wellco-jekyll.netlify.app/categories/advance-wordpress/index.html]
[wellco-jekyll.netlify.app/categories/basic-html-coach/+012 (345) 678 99.198.delayed]
[wellco-jekyll.netlify.app/categories/basic-html-coach/example@example.199.delayed]
[wellco-jekyll.netlify.app/categories/basic-html-coach/index.html]
[wellco-jekyll.netlify.app/categories/health-courses/+012 (345) 678 99.19c.delayed]
[wellco-jekyll.netlify.app/categories/health-courses/example@example.19d.delayed]
[wellco-jekyll.netlify.app/categories/health-courses/index.html]
[wellco-jekyll.netlify.app/categories/english-learning/+012 (345) 678 99.1a0.delayed]
[wellco-jekyll.netlify.app/categories/english-learning/example@example.1a1.delayed]
[wellco-jekyll.netlify.app/categories/english-learning/index.html]
[wellco-jekyll.netlify.app/blog-masonry-2.html]
[wellco-jekyll.netlify.app/portfolio-grid-2.html]
[wellco-jekyll.netlify.app/portfolio-gallery-2.html]
[wellco-jekyll.netlify.app/portfolio-masonry-2.html]
[wellco-jekyll.netlify.app/contact-2.html]
[wellco-jekyll.netlify.app/tags/business/+012 (345) 678 99.1ae.delayed]
[wellco-jekyll.netlify.app/tags/business/example@example.1af.delayed]
[wellco-jekyll.netlify.app/tags/business/index.html]
[wellco-jekyll.netlify.app/tags/art/+012 (345) 678 99.1b2.delayed]
[wellco-jekyll.netlify.app/tags/art/example@example.1b3.delayed]
[wellco-jekyll.netlify.app/tags/art/index.html]
[wellco-jekyll.netlify.app/tags/finance/+012 (345) 678 99.1b6.delayed]
[wellco-jekyll.netlify.app/tags/finance/example@example.1b7.delayed]
[wellco-jekyll.netlify.app/tags/finance/index.html]
[wellco-jekyll.netlify.app/tags/coach/+012 (345) 678 99.1ba.delayed]
[wellco-jekyll.netlify.app/tags/coach/example@example.1bb.delayed]
[wellco-jekyll.netlify.app/tags/coach/index.html]
[wellco-jekyll.netlify.app/blog/smashing-podcast-episode-luca-mezzalira-front/+012 (345) 678 99.html]
[wellco-jekyll.netlify.app/blog/smashing-podcast-episode-luca-mezzalira-front/example@example.html]
[wellco-jekyll.netlify.app/tags/investment/+012 (345) 678 99.1be.delayed]
[wellco-jekyll.netlify.app/tags/investment/example@example.1bf.delayed]
[wellco-jekyll.netlify.app/tags/investment/index.html]
[wellco-jekyll.netlify.app/tags/css/+012 (345) 678 99.1c2.delayed]
[wellco-jekyll.netlify.app/tags/css/example@example.1c3.delayed]
[wellco-jekyll.netlify.app/tags/css/index.html]
[wellco-jekyll.netlify.app/blog/make-your-own-expanding-contracting-content/+012 (345) 678 99.html]
[wellco-jekyll.netlify.app/blog/make-your-own-expanding-contracting-content/example@example.html]
[wellco-jekyll.netlify.app/tags/html/+012 (345) 678 99.1c6.delayed]
[wellco-jekyll.netlify.app/tags/html/example@example.1c7.delayed]
[wellco-jekyll.netlify.app/tags/html/index.html]
[wellco-jekyll.netlify.app/blog/live-sketching-a-site-visitor-journey-to-create/+012 (345) 678 99.html]
[wellco-jekyll.netlify.app/blog/live-sketching-a-site-visitor-journey-to-create/example@example.html]
[wellco-jekyll.netlify.app/blog/page2/+012 (345) 678 99.html]
[wellco-jekyll.netlify.app/blog/page2/example@example.html]
[wellco-jekyll.netlify.app/tags/planing/+012 (345) 678 99.1ca.delayed]
[wellco-jekyll.netlify.app/tags/planing/example@example.1cb.delayed]
[wellco-jekyll.netlify.app/tags/planing/index.html]
[wellco-jekyll.netlify.app/tags/creative/+012 (345) 678 99.1ce.delayed]
[wellco-jekyll.netlify.app/tags/creative/example@example.1cf.delayed]
[wellco-jekyll.netlify.app/tags/creative/index.html]
[wellco-jekyll.netlify.app/blog/inclusive-design-and-access-live-stream-heydon/+012 (345) 678 99.html]
[wellco-jekyll.netlify.app/blog/inclusive-design-and-access-live-stream-heydon/example@example.html]
[wellco-jekyll.netlify.app/tags/health/+012 (345) 678 99.1d2.delayed]
[wellco-jekyll.netlify.app/tags/health/example@example.1d3.delayed]
[wellco-jekyll.netlify.app/tags/health/index.html]
[wellco-jekyll.netlify.app/blog/inclusive-component-new-printed-book-heydon/+012 (345) 678 99.html]
[wellco-jekyll.netlify.app/blog/inclusive-component-new-printed-book-heydon/example@example.html]
[wellco-jekyll.netlify.app/blog/get-started-with-ui-design-with-tips-to-speed/+012 (345) 678 99.html]
[wellco-jekyll.netlify.app/blog/get-started-with-ui-design-with-tips-to-speed/example@example.html]
[wellco-jekyll.netlify.app/blog/become-html-email-geek-with-video-parmentier/+012 (345) 678 99.html]
[wellco-jekyll.netlify.app/blog/become-html-email-geek-with-video-parmentier/example@example.html]
[wellco-jekyll.netlify.app/blog/abstracting-wordpress-code-to-reuse-with-other/+012 (345) 678 99.html]
[wellco-jekyll.netlify.app/blog/abstracting-wordpress-code-to-reuse-with-other/example@example.html]
[wellco-jekyll.netlify.app/categories/life-courses/+012 (345) 678 99.html]
[wellco-jekyll.netlify.app/categories/life-courses/example@example.html]
[wellco-jekyll.netlify.app/categories/business-courses/+012 (345) 678 99.html]
[wellco-jekyll.netlify.app/categories/business-courses/example@example.html]
[wellco-jekyll.netlify.app/categories/advance-wordpress/+012 (345) 678 99.html]
[wellco-jekyll.netlify.app/categories/advance-wordpress/example@example.html]
[wellco-jekyll.netlify.app/categories/basic-html-coach/+012 (345) 678 99.html]
[wellco-jekyll.netlify.app/categories/basic-html-coach/example@example.html]
[wellco-jekyll.netlify.app/categories/health-courses/+012 (345) 678 99.html]
[wellco-jekyll.netlify.app/categories/health-courses/example@example.html]
[wellco-jekyll.netlify.app/categories/english-learning/+012 (345) 678 99.html]
[wellco-jekyll.netlify.app/categories/english-learning/example@example.html]
[wellco-jekyll.netlify.app/tags/business/+012 (345) 678 99.html]
[wellco-jekyll.netlify.app/tags/business/example@example.html]
[wellco-jekyll.netlify.app/tags/art/+012 (345) 678 99.html]
[wellco-jekyll.netlify.app/tags/art/example@example.html]
[wellco-jekyll.netlify.app/tags/finance/+012 (345) 678 99.html]
[wellco-jekyll.netlify.app/tags/finance/example@example.html]
[wellco-jekyll.netlify.app/tags/coach/+012 (345) 678 99.html]
[wellco-jekyll.netlify.app/tags/coach/example@example.html]
[wellco-jekyll.netlify.app/tags/investment/+012 (345) 678 99.html]
[wellco-jekyll.netlify.app/tags/investment/example@example.html]
[wellco-jekyll.netlify.app/tags/css/+012 (345) 678 99.html]
[wellco-jekyll.netlify.app/tags/css/example@example.html]
[wellco-jekyll.netlify.app/tags/html/+012 (345) 678 99.html]
[wellco-jekyll.netlify.app/tags/html/example@example.html]
[wellco-jekyll.netlify.app/tags/planing/+012 (345) 678 99.html]
[wellco-jekyll.netlify.app/tags/planing/example@example.html]
[wellco-jekyll.netlify.app/tags/creative/+012 (345) 678 99.html]
[wellco-jekyll.netlify.app/tags/creative/example@example.html]
[wellco-jekyll.netlify.app/tags/health/+012 (345) 678 99.html]
[wellco-jekyll.netlify.app/tags/health/example@example.html]
